Archive member included to satisfy reference by file (symbol)

D:/ProgramFiles/ST/STM32CubeIDE_1.13.2/STM32CubeIDE/plugins/com.st.stm32cube.ide.mcu.externaltools.gnu-tools-for-stm32.11.3.rel1.win32_1.1.1.202309131626/tools/bin/../lib/gcc/arm-none-eabi/11.3.1/../../../../arm-none-eabi/lib/thumb/v7-m/nofp\libc_nano.a(libc_a-exit.o)
                              D:/ProgramFiles/ST/STM32CubeIDE_1.13.2/STM32CubeIDE/plugins/com.st.stm32cube.ide.mcu.externaltools.gnu-tools-for-stm32.11.3.rel1.win32_1.1.1.202309131626/tools/bin/../lib/gcc/arm-none-eabi/11.3.1/../../../../arm-none-eabi/lib/thumb/v7-m/nofp/crt0.o (exit)
D:/ProgramFiles/ST/STM32CubeIDE_1.13.2/STM32CubeIDE/plugins/com.st.stm32cube.ide.mcu.externaltools.gnu-tools-for-stm32.11.3.rel1.win32_1.1.1.202309131626/tools/bin/../lib/gcc/arm-none-eabi/11.3.1/../../../../arm-none-eabi/lib/thumb/v7-m/nofp\libc_nano.a(libc_a-findfp.o)
                              D:/ProgramFiles/ST/STM32CubeIDE_1.13.2/STM32CubeIDE/plugins/com.st.stm32cube.ide.mcu.externaltools.gnu-tools-for-stm32.11.3.rel1.win32_1.1.1.202309131626/tools/bin/../lib/gcc/arm-none-eabi/11.3.1/../../../../arm-none-eabi/lib/thumb/v7-m/nofp\libc_nano.a(libc_a-exit.o) (__stdio_exit_handler)
D:/ProgramFiles/ST/STM32CubeIDE_1.13.2/STM32CubeIDE/plugins/com.st.stm32cube.ide.mcu.externaltools.gnu-tools-for-stm32.11.3.rel1.win32_1.1.1.202309131626/tools/bin/../lib/gcc/arm-none-eabi/11.3.1/../../../../arm-none-eabi/lib/thumb/v7-m/nofp\libc_nano.a(libc_a-fwalk.o)
                              D:/ProgramFiles/ST/STM32CubeIDE_1.13.2/STM32CubeIDE/plugins/com.st.stm32cube.ide.mcu.externaltools.gnu-tools-for-stm32.11.3.rel1.win32_1.1.1.202309131626/tools/bin/../lib/gcc/arm-none-eabi/11.3.1/../../../../arm-none-eabi/lib/thumb/v7-m/nofp\libc_nano.a(libc_a-findfp.o) (_fwalk_sglue)
D:/ProgramFiles/ST/STM32CubeIDE_1.13.2/STM32CubeIDE/plugins/com.st.stm32cube.ide.mcu.externaltools.gnu-tools-for-stm32.11.3.rel1.win32_1.1.1.202309131626/tools/bin/../lib/gcc/arm-none-eabi/11.3.1/../../../../arm-none-eabi/lib/thumb/v7-m/nofp\libc_nano.a(libc_a-stdio.o)
                              D:/ProgramFiles/ST/STM32CubeIDE_1.13.2/STM32CubeIDE/plugins/com.st.stm32cube.ide.mcu.externaltools.gnu-tools-for-stm32.11.3.rel1.win32_1.1.1.202309131626/tools/bin/../lib/gcc/arm-none-eabi/11.3.1/../../../../arm-none-eabi/lib/thumb/v7-m/nofp\libc_nano.a(libc_a-findfp.o) (__sread)
D:/ProgramFiles/ST/STM32CubeIDE_1.13.2/STM32CubeIDE/plugins/com.st.stm32cube.ide.mcu.externaltools.gnu-tools-for-stm32.11.3.rel1.win32_1.1.1.202309131626/tools/bin/../lib/gcc/arm-none-eabi/11.3.1/../../../../arm-none-eabi/lib/thumb/v7-m/nofp\libc_nano.a(libc_a-memset.o)
                              D:/ProgramFiles/ST/STM32CubeIDE_1.13.2/STM32CubeIDE/plugins/com.st.stm32cube.ide.mcu.externaltools.gnu-tools-for-stm32.11.3.rel1.win32_1.1.1.202309131626/tools/bin/../lib/gcc/arm-none-eabi/11.3.1/../../../../arm-none-eabi/lib/thumb/v7-m/nofp/crt0.o (memset)
D:/ProgramFiles/ST/STM32CubeIDE_1.13.2/STM32CubeIDE/plugins/com.st.stm32cube.ide.mcu.externaltools.gnu-tools-for-stm32.11.3.rel1.win32_1.1.1.202309131626/tools/bin/../lib/gcc/arm-none-eabi/11.3.1/../../../../arm-none-eabi/lib/thumb/v7-m/nofp\libc_nano.a(libc_a-closer.o)
                              D:/ProgramFiles/ST/STM32CubeIDE_1.13.2/STM32CubeIDE/plugins/com.st.stm32cube.ide.mcu.externaltools.gnu-tools-for-stm32.11.3.rel1.win32_1.1.1.202309131626/tools/bin/../lib/gcc/arm-none-eabi/11.3.1/../../../../arm-none-eabi/lib/thumb/v7-m/nofp\libc_nano.a(libc_a-stdio.o) (_close_r)
D:/ProgramFiles/ST/STM32CubeIDE_1.13.2/STM32CubeIDE/plugins/com.st.stm32cube.ide.mcu.externaltools.gnu-tools-for-stm32.11.3.rel1.win32_1.1.1.202309131626/tools/bin/../lib/gcc/arm-none-eabi/11.3.1/../../../../arm-none-eabi/lib/thumb/v7-m/nofp\libc_nano.a(libc_a-reent.o)
                              D:/ProgramFiles/ST/STM32CubeIDE_1.13.2/STM32CubeIDE/plugins/com.st.stm32cube.ide.mcu.externaltools.gnu-tools-for-stm32.11.3.rel1.win32_1.1.1.202309131626/tools/bin/../lib/gcc/arm-none-eabi/11.3.1/../../../../arm-none-eabi/lib/thumb/v7-m/nofp\libc_nano.a(libc_a-closer.o) (errno)
D:/ProgramFiles/ST/STM32CubeIDE_1.13.2/STM32CubeIDE/plugins/com.st.stm32cube.ide.mcu.externaltools.gnu-tools-for-stm32.11.3.rel1.win32_1.1.1.202309131626/tools/bin/../lib/gcc/arm-none-eabi/11.3.1/../../../../arm-none-eabi/lib/thumb/v7-m/nofp\libc_nano.a(libc_a-impure.o)
                              D:/ProgramFiles/ST/STM32CubeIDE_1.13.2/STM32CubeIDE/plugins/com.st.stm32cube.ide.mcu.externaltools.gnu-tools-for-stm32.11.3.rel1.win32_1.1.1.202309131626/tools/bin/../lib/gcc/arm-none-eabi/11.3.1/../../../../arm-none-eabi/lib/thumb/v7-m/nofp\libc_nano.a(libc_a-reent.o) (_impure_ptr)
D:/ProgramFiles/ST/STM32CubeIDE_1.13.2/STM32CubeIDE/plugins/com.st.stm32cube.ide.mcu.externaltools.gnu-tools-for-stm32.11.3.rel1.win32_1.1.1.202309131626/tools/bin/../lib/gcc/arm-none-eabi/11.3.1/../../../../arm-none-eabi/lib/thumb/v7-m/nofp\libc_nano.a(libc_a-lseekr.o)
[...]
Memory Configuration

Name             Origin             Length             Attributes
RAM              0x0000000020000000 0x0000000000002800 xrw
FLASH            0x0000000008000000 0x0000000000008000 xr
*default*        0x0000000000000000 0xffffffffffffffff

Linker script and memory map

LOAD D:/ProgramFiles/ST/STM32CubeIDE_1.13.2/STM32CubeIDE/plugins/com.st.stm32cube.ide.mcu.externaltools.gnu-tools-for-stm32.11.3.rel1.win32_1.1.1.202309131626/tools/bin/../lib/gcc/arm-none-eabi/11.3.1/thumb/v7-m/nofp/crti.o
LOAD D:/ProgramFiles/ST/STM32CubeIDE_1.13.2/STM32CubeIDE/plugins/com.st.stm32cube.ide.mcu.externaltools.gnu-tools-for-stm32.11.3.rel1.win32_1.1.1.202309131626/tools/bin/../lib/gcc/arm-none-eabi/11.3.1/thumb/v7-m/nofp/crtbegin.o
LOAD D:/ProgramFiles/ST/STM32CubeIDE_1.13.2/STM32CubeIDE/plugins/com.st.stm32cube.ide.mcu.externaltools.gnu-tools-for-stm32.11.3.rel1.win32_1.1.1.202309131626/tools/bin/../lib/gcc/arm-none-eabi/11.3.1/../../../../arm-none-eabi/lib/thumb/v7-m/nofp/crt0.o
LOAD ./Core/Src/main.o
LOAD ./Core/Src/software_timer.o
LOAD ./Core/Src/stm32f1xx_hal_msp.o
LOAD ./Core/Src/stm32f1xx_it.o
LOAD ./Core/Src/syscalls.o
LOAD ./Core/Src/sysmem.o
LOAD ./Core/Src/system_stm32f1xx.o
LOAD ./Core/Startup/startup_stm32f103c6ux.o
LOAD ./Drivers/STM32F1xx_HAL_Driver/Src/stm32f1xx_hal.o
LOAD ./Drivers/STM32F1xx_HAL_Driver/Src/stm32f1xx_hal_cortex.o
LOAD ./Drivers/STM32F1xx_HAL_Driver/Src/stm32f1xx_hal_dma.o
LOAD ./Drivers/STM32F1xx_HAL_Driver/Src/stm32f1xx_hal_exti.o
LOAD ./Drivers/STM32F1xx_HAL_Driver/Src/stm32f1xx_hal_flash.o
LOAD ./Drivers/STM32F1xx_HAL_Driver/Src/stm32f1xx_hal_flash_ex.o
LOAD ./Drivers/STM32F1xx_HAL_Driver/Src/stm32f1xx_hal_gpio.o
LOAD ./Drivers/STM32F1xx_HAL_Driver/Src/stm32f1xx_hal_gpio_ex.o
LOAD ./Drivers/STM32F1xx_HAL_Driver/Src/stm32f1xx_hal_pwr.o
LOAD ./Drivers/STM32F1xx_HAL_Driver/Src/stm32f1xx_hal_rcc.o
LOAD ./Drivers/STM32F1xx_HAL_Driver/Src/stm32f1xx_hal_rcc_ex.o
LOAD ./Drivers/STM32F1xx_HAL_Driver/Src/stm32f1xx_hal_tim.o
LOAD ./Drivers/STM32F1xx_HAL_Driver/Src/stm32f1xx_hal_tim_ex.o
START GROUP
LOAD D:/ProgramFiles/ST/STM32CubeIDE_1.13.2/STM32CubeIDE/plugins/com.st.stm32cube.ide.mcu.externaltools.gnu-tools-for-stm32.11.3.rel1.win32_1.1.1.202309131626/tools/bin/../lib/gcc/arm-none-eabi/11.3.1/../../../../arm-none-eabi/lib/thumb/v7-m/nofp\libc_nano.a
LOAD D:/ProgramFiles/ST/STM32CubeIDE_1.13.2/STM32CubeIDE/plugins/com.st.stm32cube.ide.mcu.externaltools.gnu-tools-for-stm32.11.3.rel1.win32_1.1.1.202309131626/tools/bin/../lib/gcc/arm-none-eabi/11.3.1/../../../../arm-none-eabi/lib/thumb/v7-m/nofp\libm.a
END GROUP
START GROUP
LOAD D:/ProgramFiles/ST/STM32CubeIDE_1.13.2/STM32CubeIDE/plugins/com.st.stm32cube.ide.mcu.externaltools.gnu-tools-for-stm32.11.3.rel1.win32_1.1.1.202309131626/tools/bin/../lib/gcc/arm-none-eabi/11.3.1/thumb/v7-m/nofp\libgcc.a
LOAD D:/ProgramFiles/ST/STM32CubeIDE_1.13.2/STM32CubeIDE/plugins/com.st.stm32cube.ide.mcu.externaltools.gnu-tools-for-stm32.11.3.rel1.win32_1.1.1.202309131626/tools/bin/../lib/gcc/arm-none-eabi/11.3.1/../../../../arm-none-eabi/lib/thumb/v7-m/nofp\libc_nano.a
END GROUP
START GROUP
LOAD D:/ProgramFiles/ST/STM32CubeIDE_1.13.2/STM32CubeIDE/plugins/com.st.stm32cube.ide.mcu.externaltools.gnu-tools-for-stm32.11.3.rel1.win32_1.1.1.202309131626/tools/bin/../lib/gcc/arm-none-eabi/11.3.1/thumb/v7-m/nofp\libgcc.a
LOAD D:/ProgramFiles/ST/STM32CubeIDE_1.13.2/STM32CubeIDE/plugins/com.st.stm32cube.ide.mcu.externaltools.gnu-tools-for-stm32.11.3.rel1.win32_1.1.1.202309131626/tools/bin/../lib/gcc/arm-none-eabi/11.3.1/../../../../arm-none-eabi/lib/thumb/v7-m/nofp\libc_nano.a
LOAD D:/ProgramFiles/ST/STM32CubeIDE_1.13.2/STM32CubeIDE/plugins/com.st.stm32cube.ide.mcu.externaltools.gnu-tools-for-stm32.11.3.rel1.win32_1.1.1.202309131626/tools/bin/../lib/gcc/arm-none-eabi/11.3.1/../../../../arm-none-eabi/lib/thumb/v7-m/nofp\libnosys.a
END GROUP
START GROUP
LOAD D:/ProgramFiles/ST/STM32CubeIDE_1.13.2/STM32CubeIDE/plugins/com.st.stm32cube.ide.mcu.externaltools.gnu-tools-for-stm32.11.3.rel1.win32_1.1.1.202309131626/tools/bin/../lib/gcc/arm-none-eabi/11.3.1/thumb/v7-m/nofp\libgcc.a
LOAD D:/ProgramFiles/ST/STM32CubeIDE_1.13.2/STM32CubeIDE/plugins/com.st.stm32cube.ide.mcu.externaltools.gnu-tools-for-stm32.11.3.rel1.win32_1.1.1.202309131626/tools/bin/../lib/gcc/arm-none-eabi/11.3.1/../../../../arm-none-eabi/lib/thumb/v7-m/nofp\libc_nano.a
LOAD D:/ProgramFiles/ST/STM32CubeIDE_1.13.2/STM32CubeIDE/plugins/com.st.stm32cube.ide.mcu.externaltools.gnu-tools-for-stm32.11.3.rel1.win32_1.1.1.202309131626/tools/bin/../lib/gcc/arm-none-eabi/11.3.1/../../../../arm-none-eabi/lib/thumb/v7-m/nofp\libnosys.a
END GROUP
LOAD D:/ProgramFiles/ST/STM32CubeIDE_1.13.2/STM32CubeIDE/plugins/com.st.stm32cube.ide.mcu.externaltools.gnu-tools-for-stm32.11.3.rel1.win32_1.1.1.202309131626/tools/bin/../lib/gcc/arm-none-eabi/11.3.1/thumb/v7-m/nofp/crtend.o
LOAD D:/ProgramFiles/ST/STM32CubeIDE_1.13.2/STM32CubeIDE/plugins/com.st.stm32cube.ide.mcu.externaltools.gnu-tools-for-stm32.11.3.rel1.win32_1.1.1.202309131626/tools/bin/../lib/gcc/arm-none-eabi/11.3.1/thumb/v7-m/nofp/crtn.o
                0x0000000020002800                _estack = (ORIGIN (RAM) + LENGTH (RAM))
                0x0000000000000200                _Min_Heap_Size = 0x200
                0x0000000000000400                _Min_Stack_Size = 0x400

.isr_vector     0x0000000008000000      0x10c
                0x0000000008000000                . = ALIGN (0x4)
 *(.isr_vector)
 .isr_vector    0x0000000008000000      0x10c ./Core/Startup/startup_stm32f103c6ux.o
                0x0000000008000000                g_pfnVectors
                0x000000000800010c                . = ALIGN (0x4)

.text           0x000000000800010c     0x21b4
                0x000000000800010c                . = ALIGN (0x4)
 *(.text)
 .text          0x000000000800010c       0x40 D:/ProgramFiles/ST/STM32CubeIDE_1.13.2/STM32CubeIDE/plugins/com.st.stm32cube.ide.mcu.externaltools.gnu-tools-for-stm32.11.3.rel1.win32_1.1.1.202309131626/tools/bin/../lib/gcc/arm-none-eabi/11.3.1/thumb/v7-m/nofp/crtbegin.o
 *(.text*)
 .text.on_light
                0x000000000800014c       0xe8 ./Core/Src/main.o
                0x000000000800014c                on_light
 .text.display7SEG
                0x0000000008000234      0x364 ./Core/Src/main.o
                0x0000000008000234                display7SEG
 .text.update7SEG
                0x0000000008000598       0x34 ./Core/Src/main.o
                0x0000000008000598                update7SEG
 .text.updateClockBuffer
                0x00000000080005cc       0x80 ./Core/Src/main.o
                0x00000000080005cc                updateClockBuffer
 .text.updateLEDMatrix
                0x000000000800064c       0x44 ./Core/Src/main.o
                0x000000000800064c                updateLEDMatrix
 .text.main     0x0000000008000690      0x134 ./Core/Src/main.o
                0x0000000008000690                main
 .text.SystemClock_Config
                0x00000000080007c4       0x76 ./Core/Src/main.o
                0x00000000080007c4                SystemClock_Config
 *fill*         0x000000000800083a        0x2 
 .text.MX_TIM2_Init
                0x000000000800083c       0x98 ./Core/Src/main.o
 .text.MX_GPIO_Init
                0x00000000080008d4       0xf0 ./Core/Src/main.o
 .text.HAL_TIM_PeriodElapsedCallback
                0x00000000080009c4       0x20 ./Core/Src/main.o
                0x00000000080009c4                HAL_TIM_PeriodElapsedCallback
 .text.Error_Handler
                0x00000000080009e4        0xa ./Core/Src/main.o
                0x00000000080009e4                Error_Handler
 *fill*         0x00000000080009ee        0x2 
 .text.setTimer1
                0x00000000080009f0       0x28 ./Core/Src/software_timer.o
                0x00000000080009f0                setTimer1
 .text.timer1Run
                0x0000000008000a18       0x2c ./Core/Src/software_timer.o
                0x0000000008000a18                timer1Run
 .text.setTimer2
                0x0000000008000a44       0x28 ./Core/Src/software_timer.o
                0x0000000008000a44                setTimer2
 .text.timer2Run
                0x0000000008000a6c       0x2c ./Core/Src/software_timer.o
                0x0000000008000a6c                timer2Run
 .text.setTimer3
                0x0000000008000a98       0x28 ./Core/Src/software_timer.o
                0x0000000008000a98                setTimer3
 .text.timer3Run
                0x0000000008000ac0       0x2c ./Core/Src/software_timer.o
                0x0000000008000ac0                timer3Run
 .text.setTimer4
                0x0000000008000aec       0x28 ./Core/Src/software_timer.o
                0x0000000008000aec                setTimer4
 .text.timer4Run
                0x0000000008000b14       0x2c ./Core/Src/software_timer.o
                0x0000000008000b14                timer4Run
 .text.HAL_MspInit
                0x0000000008000b40       0x44 ./Core/Src/stm32f1xx_hal_msp.o
                0x0000000008000b40                HAL_MspInit
 .text.HAL_TIM_Base_MspInit
                0x0000000008000b84       0x48 ./Core/Src/stm32f1xx_hal_msp.o
                0x0000000008000b84                HAL_TIM_Base_MspInit
 .text.NMI_Handler
                0x0000000008000bcc        0x6 ./Core/Src/stm32f1xx_it.o
                0x0000000008000bcc                NMI_Handler
 .text.HardFault_Handler
                0x0000000008000bd2        0x6 ./Core/Src/stm32f1xx_it.o
                0x0000000008000bd2                HardFault_Handler
 .text.MemManage_Handler
                0x0000000008000bd8        0x6 ./Core/Src/stm32f1xx_it.o
                0x0000000008000bd8                MemManage_Handler
 .text.BusFault_Handler
                0x0000000008000bde        0x6 ./Core/Src/stm32f1xx_it.o
                0x0000000008000bde                BusFault_Handler
 .text.UsageFault_Handler
                0x0000000008000be4        0x6 ./Core/Src/stm32f1xx_it.o
                0x0000000008000be4                UsageFault_Handler
 .text.SVC_Handler
                0x0000000008000bea        0xc ./Core/Src/stm32f1xx_it.o
                0x0000000008000bea                SVC_Handler
 .text.DebugMon_Handler
                0x0000000008000bf6        0xc ./Core/Src/stm32f1xx_it.o
                0x0000000008000bf6                DebugMon_Handler
 .text.PendSV_Handler
                0x0000000008000c02        0xc ./Core/Src/stm32f1xx_it.o
                0x0000000008000c02                PendSV_Handler
 .text.SysTick_Handler
                0x0000000008000c0e        0xc ./Core/Src/stm32f1xx_it.o
                0x0000000008000c0e                SysTick_Handler
 *fill*         0x0000000008000c1a        0x2 
 .text.TIM2_IRQHandler
                0x0000000008000c1c       0x14 ./Core/Src/stm32f1xx_it.o
                0x0000000008000c1c                TIM2_IRQHandler
 .text.SystemInit
                0x0000000008000c30        0xc ./Core/Src/system_stm32f1xx.o
                0x0000000008000c30                SystemInit
 .text.Reset_Handler
                0x0000000008000c3c       0x48 ./Core/Startup/startup_stm32f103c6ux.o
                0x0000000008000c3c                Reset_Handler
 .text.Default_Handler
                0x0000000008000c84        0x2 ./Core/Startup/startup_stm32f103c6ux.o
                0x0000000008000c84                RTC_Alarm_IRQHandler
                0x0000000008000c84                EXTI2_IRQHandler
                0x0000000008000c84                TIM1_CC_IRQHandler
                0x0000000008000c84                PVD_IRQHandler
                0x0000000008000c84                EXTI3_IRQHandler
                0x0000000008000c84                EXTI0_IRQHandler
                0x0000000008000c84                ADC1_2_IRQHandler
                0x0000000008000c84                SPI1_IRQHandler
                0x0000000008000c84                TAMPER_IRQHandler
                0x0000000008000c84                DMA1_Channel4_IRQHandler
                0x0000000008000c84                RTC_IRQHandler
                0x0000000008000c84                DMA1_Channel7_IRQHandler
                0x0000000008000c84                CAN1_RX1_IRQHandler
                0x0000000008000c84                I2C1_EV_IRQHandler
                0x0000000008000c84                DMA1_Channel6_IRQHandler
                0x0000000008000c84                TIM3_IRQHandler
                0x0000000008000c84                RCC_IRQHandler
                0x0000000008000c84                TIM1_TRG_COM_IRQHandler
                0x0000000008000c84                DMA1_Channel1_IRQHandler
                0x0000000008000c84                Default_Handler
                0x0000000008000c84                EXTI15_10_IRQHandler
                0x0000000008000c84                EXTI9_5_IRQHandler
                0x0000000008000c84                DMA1_Channel5_IRQHandler
                0x0000000008000c84                EXTI4_IRQHandler
                0x0000000008000c84                USB_LP_CAN1_RX0_IRQHandler
                0x0000000008000c84                USB_HP_CAN1_TX_IRQHandler
                0x0000000008000c84                DMA1_Channel3_IRQHandler
                0x0000000008000c84                TIM1_UP_IRQHandler
                0x0000000008000c84                WWDG_IRQHandler
                0x0000000008000c84                TIM1_BRK_IRQHandler
                0x0000000008000c84                EXTI1_IRQHandler
                0x0000000008000c84                USART2_IRQHandler
                0x0000000008000c84                DMA1_Channel2_IRQHandler
                0x0000000008000c84                CAN1_SCE_IRQHandler
                0x0000000008000c84                FLASH_IRQHandler
                0x0000000008000c84                USART1_IRQHandler
                0x0000000008000c84                I2C1_ER_IRQHandler
                0x0000000008000c84                USBWakeUp_IRQHandler
 *fill*         0x0000000008000c86        0x2 
 .text.HAL_Init
                0x0000000008000c88       0x2c ./Drivers/STM32F1xx_HAL_Driver/Src/stm32f1xx_hal.o
                0x0000000008000c88                HAL_Init
 .text.HAL_InitTick
                0x0000000008000cb4       0x60 ./Drivers/STM32F1xx_HAL_Driver/Src/stm32f1xx_hal.o
                0x0000000008000cb4                HAL_InitTick
 .text.HAL_IncTick
                0x0000000008000d14       0x24 ./Drivers/STM32F1xx_HAL_Driver/Src/stm32f1xx_hal.o
                0x0000000008000d14                HAL_IncTick
 .text.HAL_GetTick
                0x0000000008000d38       0x14 ./Drivers/STM32F1xx_HAL_Driver/Src/stm32f1xx_hal.o
                0x0000000008000d38                HAL_GetTick
 .text.__NVIC_SetPriorityGrouping
                0x0000000008000d4c       0x48 ./Drivers/STM32F1xx_HAL_Driver/Src/stm32f1xx_hal_cortex.o
 .text.__NVIC_GetPriorityGrouping
                0x0000000008000d94       0x1c ./Drivers/STM32F1xx_HAL_Driver/Src/stm32f1xx_hal_cortex.o
 .text.__NVIC_EnableIRQ
                0x0000000008000db0       0x38 ./Drivers/STM32F1xx_HAL_Driver/Src/stm32f1xx_hal_cortex.o
 .text.__NVIC_SetPriority
                0x0000000008000de8       0x54 ./Drivers/STM32F1xx_HAL_Driver/Src/stm32f1xx_hal_cortex.o
 .text.NVIC_EncodePriority
                0x0000000008000e3c       0x64 ./Drivers/STM32F1xx_HAL_Driver/Src/stm32f1xx_hal_cortex.o
 .text.SysTick_Config
                0x0000000008000ea0       0x44 ./Drivers/STM32F1xx_HAL_Driver/Src/stm32f1xx_hal_cortex.o
 .text.HAL_NVIC_SetPriorityGrouping
                0x0000000008000ee4       0x16 ./Drivers/STM32F1xx_HAL_Driver/Src/stm32f1xx_hal_cortex.o
                0x0000000008000ee4                HAL_NVIC_SetPriorityGrouping
 .text.HAL_NVIC_SetPriority
                0x0000000008000efa       0x38 ./Drivers/STM32F1xx_HAL_Driver/Src/stm32f1xx_hal_cortex.o
                0x0000000008000efa                HAL_NVIC_SetPriority
 .text.HAL_NVIC_EnableIRQ
                0x0000000008000f32       0x1c ./Drivers/STM32F1xx_HAL_Driver/Src/stm32f1xx_hal_cortex.o
                0x0000000008000f32                HAL_NVIC_EnableIRQ
 .text.HAL_SYSTICK_Config
                0x0000000008000f4e       0x18 ./Drivers/STM32F1xx_HAL_Driver/Src/stm32f1xx_hal_cortex.o
                0x0000000008000f4e                HAL_SYSTICK_Config
 *fill*         0x0000000008000f66        0x2 
 .text.HAL_GPIO_Init
                0x0000000008000f68      0x2f8 ./Drivers/STM32F1xx_HAL_Driver/Src/stm32f1xx_hal_gpio.o
                0x0000000008000f68                HAL_GPIO_Init
 .text.HAL_GPIO_WritePin
                0x0000000008001260       0x30 ./Drivers/STM32F1xx_HAL_Driver/Src/stm32f1xx_hal_gpio.o
                0x0000000008001260                HAL_GPIO_WritePin
 .text.HAL_GPIO_TogglePin
                0x0000000008001290       0x32 ./Drivers/STM32F1xx_HAL_Driver/Src/stm32f1xx_hal_gpio.o
                0x0000000008001290                HAL_GPIO_TogglePin
 *fill*         0x00000000080012c2        0x2 
 .text.HAL_RCC_OscConfig
                0x00000000080012c4      0x504 ./Drivers/STM32F1xx_HAL_Driver/Src/stm32f1xx_hal_rcc.o
                0x00000000080012c4                HAL_RCC_OscConfig
 .text.HAL_RCC_ClockConfig
                0x00000000080017c8      0x1d4 ./Drivers/STM32F1xx_HAL_Driver/Src/stm32f1xx_hal_rcc.o
                0x00000000080017c8                HAL_RCC_ClockConfig
 .text.HAL_RCC_GetSysClockFreq
                0x000000000800199c       0xa8 ./Drivers/STM32F1xx_HAL_Driver/Src/stm32f1xx_hal_rcc.o
                0x000000000800199c                HAL_RCC_GetSysClockFreq
 .text.RCC_Delay
                0x0000000008001a44       0x3c ./Drivers/STM32F1xx_HAL_Driver/Src/stm32f1xx_hal_rcc.o
 .text.HAL_TIM_Base_Init
                0x0000000008001a80       0x9e ./Drivers/STM32F1xx_HAL_Driver/Src/stm32f1xx_hal_tim.o
                0x0000000008001a80                HAL_TIM_Base_Init
 *fill*         0x0000000008001b1e        0x2 
 .text.HAL_TIM_Base_Start_IT
                0x0000000008001b20       0x98 ./Drivers/STM32F1xx_HAL_Driver/Src/stm32f1xx_hal_tim.o
                0x0000000008001b20                HAL_TIM_Base_Start_IT
 .text.HAL_TIM_IRQHandler
                0x0000000008001bb8      0x210 ./Drivers/STM32F1xx_HAL_Driver/Src/stm32f1xx_hal_tim.o
                0x0000000008001bb8                HAL_TIM_IRQHandler
 .text.HAL_TIM_ConfigClockSource
                0x0000000008001dc8      0x18e ./Drivers/STM32F1xx_HAL_Driver/Src/stm32f1xx_hal_tim.o
                0x0000000008001dc8                HAL_TIM_ConfigClockSource
 .text.HAL_TIM_OC_DelayElapsedCallback
                0x0000000008001f56       0x12 ./Drivers/STM32F1xx_HAL_Driver/Src/stm32f1xx_hal_tim.o
                0x0000000008001f56                HAL_TIM_OC_DelayElapsedCallback
 .text.HAL_TIM_IC_CaptureCallback
                0x0000000008001f68       0x12 ./Drivers/STM32F1xx_HAL_Driver/Src/stm32f1xx_hal_tim.o
                0x0000000008001f68                HAL_TIM_IC_CaptureCallback
 .text.HAL_TIM_PWM_PulseFinishedCallback
                0x0000000008001f7a       0x12 ./Drivers/STM32F1xx_HAL_Driver/Src/stm32f1xx_hal_tim.o
                0x0000000008001f7a                HAL_TIM_PWM_PulseFinishedCallback
 .text.HAL_TIM_TriggerCallback
                0x0000000008001f8c       0x12 ./Drivers/STM32F1xx_HAL_Driver/Src/stm32f1xx_hal_tim.o
                0x0000000008001f8c                HAL_TIM_TriggerCallback
 *fill*         0x0000000008001f9e        0x2 
 .text.TIM_Base_SetConfig
                0x0000000008001fa0       0xb0 ./Drivers/STM32F1xx_HAL_Driver/Src/stm32f1xx_hal_tim.o
                0x0000000008001fa0                TIM_Base_SetConfig
 .text.TIM_TI1_ConfigInputStage
                0x0000000008002050       0x5c ./Drivers/STM32F1xx_HAL_Driver/Src/stm32f1xx_hal_tim.o
 .text.TIM_TI2_ConfigInputStage
                0x00000000080020ac       0x5e ./Drivers/STM32F1xx_HAL_Driver/Src/stm32f1xx_hal_tim.o
 .text.TIM_ITRx_SetConfig
                0x000000000800210a       0x34 ./Drivers/STM32F1xx_HAL_Driver/Src/stm32f1xx_hal_tim.o
 .text.TIM_ETR_SetConfig
                0x000000000800213e       0x3e ./Drivers/STM32F1xx_HAL_Driver/Src/stm32f1xx_hal_tim.o
                0x000000000800213e                TIM_ETR_SetConfig
 .text.HAL_TIMEx_MasterConfigSynchronization
                0x000000000800217c       0xb0 ./Drivers/STM32F1xx_HAL_Driver/Src/stm32f1xx_hal_tim_ex.o
                0x000000000800217c                HAL_TIMEx_MasterConfigSynchronization
 .text.HAL_TIMEx_CommutCallback
                0x000000000800222c       0x12 ./Drivers/STM32F1xx_HAL_Driver/Src/stm32f1xx_hal_tim_ex.o
                0x000000000800222c                HAL_TIMEx_CommutCallback
 .text.HAL_TIMEx_BreakCallback
                0x000000000800223e       0x12 ./Drivers/STM32F1xx_HAL_Driver/Src/stm32f1xx_hal_tim_ex.o
                0x000000000800223e                HAL_TIMEx_BreakCallback
 .text.memset   0x0000000008002250       0x10 D:/ProgramFiles/ST/STM32CubeIDE_1.13.2/STM32CubeIDE/plugins/com.st.stm32cube.ide.mcu.externaltools.gnu-tools-for-stm32.11.3.rel1.win32_1.1.1.202309131626/tools/bin/../lib/gcc/arm-none-eabi/11.3.1/../../../../arm-none-eabi/lib/thumb/v7-m/nofp\libc_nano.a(libc_a-memset.o)
                0x0000000008002250                memset
 .text.__libc_init_array
                0x0000000008002260       0x48 D:/ProgramFiles/ST/STM32CubeIDE_1.13.2/STM32CubeIDE/plugins/com.st.stm32cube.ide.mcu.externaltools.gnu-tools-for-stm32.11.3.rel1.win32_1.1.1.202309131626/tools/bin/../lib/gcc/arm-none-eabi/11.3.1/../../../../arm-none-eabi/lib/thumb/v7-m/nofp\libc_nano.a(libc_a-init.o)
                0x0000000008002260                __libc_init_array
 *(.glue_7)
 .glue_7        0x00000000080022a8        0x0 linker stubs
 *(.glue_7t)
 .glue_7t       0x00000000080022a8        0x0 linker stubs
 *(.eh_frame)
 .eh_frame      0x00000000080022a8        0x0 D:/ProgramFiles/ST/STM32CubeIDE_1.13.2/STM32CubeIDE/plugins/com.st.stm32cube.ide.mcu.externaltools.gnu-tools-for-stm32.11.3.rel1.win32_1.1.1.202309131626/tools/bin/../lib/gcc/arm-none-eabi/11.3.1/thumb/v7-m/nofp/crtbegin.o
 *(.init)
 .init          0x00000000080022a8        0x4 D:/ProgramFiles/ST/STM32CubeIDE_1.13.2/STM32CubeIDE/plugins/com.st.stm32cube.ide.mcu.externaltools.gnu-tools-for-stm32.11.3.rel1.win32_1.1.1.202309131626/tools/bin/../lib/gcc/arm-none-eabi/11.3.1/thumb/v7-m/nofp/crti.o
                0x00000000080022a8                _init
 .init          0x00000000080022ac        0x8 D:/ProgramFiles/ST/STM32CubeIDE_1.13.2/STM32CubeIDE/plugins/com.st.stm32cube.ide.mcu.externaltools.gnu-tools-for-stm32.11.3.rel1.win32_1.1.1.202309131626/tools/bin/../lib/gcc/arm-none-eabi/11.3.1/thumb/v7-m/nofp/crtn.o
 *(.fini)
 .fini          0x00000000080022b4        0x4 D:/ProgramFiles/ST/STM32CubeIDE_1.13.2/STM32CubeIDE/plugins/com.st.stm32cube.ide.mcu.externaltools.gnu-tools-for-stm32.11.3.rel1.win32_1.1.1.202309131626/tools/bin/../lib/gcc/arm-none-eabi/11.3.1/thumb/v7-m/nofp/crti.o
                0x00000000080022b4                _fini
 .fini          0x00000000080022b8        0x8 D:/ProgramFiles/ST/STM32CubeIDE_1.13.2/STM32CubeIDE/plugins/com.st.stm32cube.ide.mcu.externaltools.gnu-tools-for-stm32.11.3.rel1.win32_1.1.1.202309131626/tools/bin/../lib/gcc/arm-none-eabi/11.3.1/thumb/v7-m/nofp/crtn.o
                0x00000000080022c0                . = ALIGN (0x4)
                0x00000000080022c0                _etext = .

.vfp11_veneer   0x00000000080022c0        0x0
 .vfp11_veneer  0x00000000080022c0        0x0 linker stubs

.v4_bx          0x00000000080022c0        0x0
 .v4_bx         0x00000000080022c0        0x0 linker stubs

.iplt           0x00000000080022c0        0x0
 .iplt          0x00000000080022c0        0x0 D:/ProgramFiles/ST/STM32CubeIDE_1.13.2/STM32CubeIDE/plugins/com.st.stm32cube.ide.mcu.externaltools.gnu-tools-for-stm32.11.3.rel1.win32_1.1.1.202309131626/tools/bin/../lib/gcc/arm-none-eabi/11.3.1/thumb/v7-m/nofp/crtbegin.o

.rodata         0x00000000080022c0       0x24
                0x00000000080022c0                . = ALIGN (0x4)
 *(.rodata)
 *(.rodata*)
 .rodata.AHBPrescTable
                0x00000000080022c0       0x10 ./Core/Src/system_stm32f1xx.o
                0x00000000080022c0                AHBPrescTable
 .rodata.aPLLMULFactorTable.1
                0x00000000080022d0       0x10 ./Drivers/STM32F1xx_HAL_Driver/Src/stm32f1xx_hal_rcc.o
 .rodata.aPredivFactorTable.0
                0x00000000080022e0        0x2 ./Drivers/STM32F1xx_HAL_Driver/Src/stm32f1xx_hal_rcc.o
                0x00000000080022e4                . = ALIGN (0x4)
 *fill*         0x00000000080022e2        0x2 

.rel.dyn        0x00000000080022e4        0x0
 .rel.iplt      0x00000000080022e4        0x0 D:/ProgramFiles/ST/STM32CubeIDE_1.13.2/STM32CubeIDE/plugins/com.st.stm32cube.ide.mcu.externaltools.gnu-tools-for-stm32.11.3.rel1.win32_1.1.1.202309131626/tools/bin/../lib/gcc/arm-none-eabi/11.3.1/thumb/v7-m/nofp/crtbegin.o

.ARM.extab      0x00000000080022e4        0x0
                0x00000000080022e4                . = ALIGN (0x4)
 *(.ARM.extab* .gnu.linkonce.armextab.*)
                0x00000000080022e4                . = ALIGN (0x4)

.ARM            0x00000000080022e4        0x0
                0x00000000080022e4                . = ALIGN (0x4)
                0x00000000080022e4                __exidx_start = .
 *(.ARM.exidx*)
                0x00000000080022e4                __exidx_end = .
                0x00000000080022e4                . = ALIGN (0x4)

.preinit_array  0x00000000080022e4        0x0
                0x00000000080022e4                . = ALIGN (0x4)
                0x00000000080022e4                PROVIDE (__preinit_array_start = .)
 *(.preinit_array*)
                0x00000000080022e4                PROVIDE (__preinit_array_end = .)
                0x00000000080022e4                . = ALIGN (0x4)

.init_array     0x00000000080022e4        0x4
                0x00000000080022e4                . = ALIGN (0x4)
                0x00000000080022e4                PROVIDE (__init_array_start = .)
 *(SORT_BY_NAME(.init_array.*))
 *(.init_array*)
 .init_array    0x00000000080022e4        0x4 D:/ProgramFiles/ST/STM32CubeIDE_1.13.2/STM32CubeIDE/plugins/com.st.stm32cube.ide.mcu.externaltools.gnu-tools-for-stm32.11.3.rel1.win32_1.1.1.202309131626/tools/bin/../lib/gcc/arm-none-eabi/11.3.1/thumb/v7-m/nofp/crtbegin.o
                0x00000000080022e8                PROVIDE (__init_array_end = .)
                0x00000000080022e8                . = ALIGN (0x4)

.fini_array     0x00000000080022e8        0x4
                0x00000000080022e8                . = ALIGN (0x4)
                [!provide]                        PROVIDE (__fini_array_start = .)
 *(SORT_BY_NAME(.fini_array.*))
 *(.fini_array*)
 .fini_array    0x00000000080022e8        0x4 D:/ProgramFiles/ST/STM32CubeIDE_1.13.2/STM32CubeIDE/plugins/com.st.stm32cube.ide.mcu.externaltools.gnu-tools-for-stm32.11.3.rel1.win32_1.1.1.202309131626/tools/bin/../lib/gcc/arm-none-eabi/11.3.1/thumb/v7-m/nofp/crtbegin.o
                [!provide]                        PROVIDE (__fini_array_end = .)
                0x00000000080022ec                . = ALIGN (0x4)
                0x00000000080022ec                _sidata = LOADADDR (.data)

.data           0x0000000020000000       0x68 load address 0x00000000080022ec
                0x0000000020000000                . = ALIGN (0x4)
                0x0000000020000000                _sdata = .
 *(.data)
 *(.data*)
 .data.led_buffer
                0x0000000020000000       0x10 ./Core/Src/main.o
                0x0000000020000000                led_buffer
 .data.hour     0x0000000020000010        0x4 ./Core/Src/main.o
                0x0000000020000010                hour
 .data.minute   0x0000000020000014        0x4 ./Core/Src/main.o
                0x0000000020000014                minute
 .data.second   0x0000000020000018        0x4 ./Core/Src/main.o
                0x0000000020000018                second
 .data.matrix_row
                0x000000002000001c       0x20 ./Core/Src/main.o
                0x000000002000001c                matrix_row
 .data.matrix_col
                0x000000002000003c       0x20 ./Core/Src/main.o
                0x000000002000003c                matrix_col
 .data.SystemCoreClock
                0x000000002000005c        0x4 ./Core/Src/system_stm32f1xx.o
                0x000000002000005c                SystemCoreClock
 .data.uwTickPrio
                0x0000000020000060        0x4 ./Drivers/STM32F1xx_HAL_Driver/Src/stm32f1xx_hal.o
                0x0000000020000060                uwTickPrio
 .data.uwTickFreq
                0x0000000020000064        0x1 ./Drivers/STM32F1xx_HAL_Driver/Src/stm32f1xx_hal.o
                0x0000000020000064                uwTickFreq
 *(.RamFunc)
 *(.RamFunc*)
                0x0000000020000068                . = ALIGN (0x4)
 *fill*         0x0000000020000065        0x3 
                0x0000000020000068                _edata = .

.igot.plt       0x0000000020000068        0x0 load address 0x0000000008002354
 .igot.plt      0x0000000020000068        0x0 D:/ProgramFiles/ST/STM32CubeIDE_1.13.2/STM32CubeIDE/plugins/com.st.stm32cube.ide.mcu.externaltools.gnu-tools-for-stm32.11.3.rel1.win32_1.1.1.202309131626/tools/bin/../lib/gcc/arm-none-eabi/11.3.1/thumb/v7-m/nofp/crtbegin.o
                0x0000000020000068                . = ALIGN (0x4)

.bss            0x0000000020000068       0x90 load address 0x0000000008002354
                0x0000000020000068                _sbss = .
                0x0000000020000068                __bss_start__ = _sbss
 *(.bss)
 .bss           0x0000000020000068       0x1c D:/ProgramFiles/ST/STM32CubeIDE_1.13.2/STM32CubeIDE/plugins/com.st.stm32cube.ide.mcu.externaltools.gnu-tools-for-stm32.11.3.rel1.win32_1.1.1.202309131626/tools/bin/../lib/gcc/arm-none-eabi/11.3.1/thumb/v7-m/nofp/crtbegin.o
 *(.bss*)
 .bss.htim2     0x0000000020000084       0x48 ./Core/Src/main.o
                0x0000000020000084                htim2
 .bss.index_led
                0x00000000200000cc        0x4 ./Core/Src/main.o
                0x00000000200000cc                index_led
 .bss.index_led_matrix
                0x00000000200000d0        0x4 ./Core/Src/main.o
                0x00000000200000d0                index_led_matrix
 .bss.timer1_counter
                0x00000000200000d4        0x4 ./Core/Src/software_timer.o
                0x00000000200000d4                timer1_counter
 .bss.timer1_flag
                0x00000000200000d8        0x4 ./Core/Src/software_timer.o
                0x00000000200000d8                timer1_flag
 .bss.timer2_counter
                0x00000000200000dc        0x4 ./Core/Src/software_timer.o
                0x00000000200000dc                timer2_counter
 .bss.timer2_flag
                0x00000000200000e0        0x4 ./Core/Src/software_timer.o
                0x00000000200000e0                timer2_flag
 .bss.timer3_counter
                0x00000000200000e4        0x4 ./Core/Src/software_timer.o
                0x00000000200000e4                timer3_counter
 .bss.timer3_flag
                0x00000000200000e8        0x4 ./Core/Src/software_timer.o
                0x00000000200000e8                timer3_flag
 .bss.timer4_counter
                0x00000000200000ec        0x4 ./Core/Src/software_timer.o
                0x00000000200000ec                timer4_counter
 .bss.timer4_flag
                0x00000000200000f0        0x4 ./Core/Src/software_timer.o
                0x00000000200000f0                timer4_flag
 .bss.uwTick    0x00000000200000f4        0x4 ./Drivers/STM32F1xx_HAL_Driver/Src/stm32f1xx_hal.o
                0x00000000200000f4                uwTick
 *(COMMON)
                0x00000000200000f8                . = ALIGN (0x4)
                0x00000000200000f8                _ebss = .
                0x00000000200000f8                __bss_end__ = _ebss

._user_heap_stack
                0x00000000200000f8      0x600 load address 0x0000000008002354
                0x00000000200000f8                . = ALIGN (0x8)
                [!provide]                        PROVIDE (end = .)
                0x00000000200000f8                PROVIDE (_end = .)
                0x00000000200002f8                . = (. + _Min_Heap_Size)
 *fill*         0x00000000200000f8      0x200 
                0x00000000200006f8                . = (. + _Min_Stack_Size)
 *fill*         0x00000000200002f8      0x400 
                0x00000000200006f8                . = ALIGN (0x8)

/DISCARD/
 libc.a(*)
 libm.a(*)
 libgcc.a(*)

.ARM.attributes
                0x0000000000000000       0x29
 *(.ARM.attributes)
 .ARM.attributes
                0x0000000000000000       0x1d D:/ProgramFiles/ST/STM32CubeIDE_1.13.2/STM32CubeIDE/plugins/com.st.stm32cube.ide.mcu.externaltools.gnu-tools-for-stm32.11.3.rel1.win32_1.1.1.202309131626/tools/bin/../lib/gcc/arm-none-eabi/11.3.1/thumb/v7-m/nofp/crti.o
 .ARM.attributes
                0x000000000000001d       0x2d D:/ProgramFiles/ST/STM32CubeIDE_1.13.2/STM32CubeIDE/plugins/com.st.stm32cube.ide.mcu.externaltools.gnu-tools-for-stm32.11.3.rel1.win32_1.1.1.202309131626/tools/bin/../lib/gcc/arm-none-eabi/11.3.1/thumb/v7-m/nofp/crtbegin.o
 .ARM.attributes
                0x000000000000004a       0x2d ./Core/Src/main.o
 .ARM.attributes
                0x0000000000000077       0x2d ./Core/Src/software_timer.o
 .ARM.attributes
                0x00000000000000a4       0x2d ./Core/Src/stm32f1xx_hal_msp.o
 .ARM.attributes
                0x00000000000000d1       0x2d ./Core/Src/stm32f1xx_it.o
 .ARM.attributes
                0x00000000000000fe       0x2d ./Core/Src/system_stm32f1xx.o
 .ARM.attributes
                0x000000000000012b       0x21 ./Core/Startup/startup_stm32f103c6ux.o
 .ARM.attributes
                0x000000000000014c       0x2d ./Drivers/STM32F1xx_HAL_Driver/Src/stm32f1xx_hal.o
 .ARM.attributes
                0x0000000000000179       0x2d ./Drivers/STM32F1xx_HAL_Driver/Src/stm32f1xx_hal_cortex.o
 .ARM.attributes
                0x00000000000001a6       0x2d ./Drivers/STM32F1xx_HAL_Driver/Src/stm32f1xx_hal_gpio.o
 .ARM.attributes
                0x00000000000001d3       0x2d ./Drivers/STM32F1xx_HAL_Driver/Src/stm32f1xx_hal_rcc.o
 .ARM.attributes
                0x0000000000000200       0x2d ./Drivers/STM32F1xx_HAL_Driver/Src/stm32f1xx_hal_tim.o
 .ARM.attributes
                0x000000000000022d       0x2d ./Drivers/STM32F1xx_HAL_Driver/Src/stm32f1xx_hal_tim_ex.o
 .ARM.attributes
                0x000000000000025a       0x2d D:/ProgramFiles/ST/STM32CubeIDE_1.13.2/STM32CubeIDE/plugins/com.st.stm32cube.ide.mcu.externaltools.gnu-tools-for-stm32.11.3.rel1.win32_1.1.1.202309131626/tools/bin/../lib/gcc/arm-none-eabi/11.3.1/../../../../arm-none-eabi/lib/thumb/v7-m/nofp\libc_nano.a(libc_a-memset.o)
 .ARM.attributes
                0x0000000000000287       0x2d D:/ProgramFiles/ST/STM32CubeIDE_1.13.2/STM32CubeIDE/plugins/com.st.stm32cube.ide.mcu.externaltools.gnu-tools-for-stm32.11.3.rel1.win32_1.1.1.202309131626/tools/bin/../lib/gcc/arm-none-eabi/11.3.1/../../../../arm-none-eabi/lib/thumb/v7-m/nofp\libc_nano.a(libc_a-init.o)
 .ARM.attributes
                0x00000000000002b4       0x1d D:/ProgramFiles/ST/STM32CubeIDE_1.13.2/STM32CubeIDE/plugins/com.st.stm32cube.ide.mcu.externaltools.gnu-tools-for-stm32.11.3.rel1.win32_1.1.1.202309131626/tools/bin/../lib/gcc/arm-none-eabi/11.3.1/thumb/v7-m/nofp/crtn.o
OUTPUT(Lab2_Exercise.elf elf32-littlearm)
LOAD linker stubs
LOAD D:/ProgramFiles/ST/STM32CubeIDE_1.13.2/STM32CubeIDE/plugins/com.st.stm32cube.ide.mcu.externaltools.gnu-tools-for-stm32.11.3.rel1.win32_1.1.1.202309131626/tools/bin/../lib/gcc/arm-none-eabi/11.3.1/../../../../arm-none-eabi/lib/thumb/v7-m/nofp\libc.a
LOAD D:/ProgramFiles/ST/STM32CubeIDE_1.13.2/STM32CubeIDE/plugins/com.st.stm32cube.ide.mcu.externaltools.gnu-tools-for-stm32.11.3.rel1.win32_1.1.1.202309131626/tools/bin/../lib/gcc/arm-none-eabi/11.3.1/../../../../arm-none-eabi/lib/thumb/v7-m/nofp\libm.a
LOAD D:/ProgramFiles/ST/STM32CubeIDE_1.13.2/STM32CubeIDE/plugins/com.st.stm32cube.ide.mcu.externaltools.gnu-tools-for-stm32.11.3.rel1.win32_1.1.1.202309131626/tools/bin/../lib/gcc/arm-none-eabi/11.3.1/thumb/v7-m/nofp\libgcc.a

.comment        0x0000000000000000       0x43
 .comment       0x0000000000000000       0x43 D:/ProgramFiles/ST/STM32CubeIDE_1.13.2/STM32CubeIDE/plugins/com.st.stm32cube.ide.mcu.externaltools.gnu-tools-for-stm32.11.3.rel1.win32_1.1.1.202309131626/tools/bin/../lib/gcc/arm-none-eabi/11.3.1/thumb/v7-m/nofp/crtbegin.o
                                         0x44 (size before relaxing)
 .comment       0x0000000000000043       0x44 ./Core/Src/main.o
 .comment       0x0000000000000043       0x44 ./Core/Src/software_timer.o
 .comment       0x0000000000000043       0x44 ./Core/Src/stm32f1xx_hal_msp.o
 .comment       0x0000000000000043       0x44 ./Core/Src/stm32f1xx_it.o
 .comment       0x0000000000000043       0x44 ./Core/Src/system_stm32f1xx.o
 .comment       0x0000000000000043       0x44 ./Drivers/STM32F1xx_HAL_Driver/Src/stm32f1xx_hal.o
 .comment       0x0000000000000043       0x44 ./Drivers/STM32F1xx_HAL_Driver/Src/stm32f1xx_hal_cortex.o
 .comment       0x0000000000000043       0x44 ./Drivers/STM32F1xx_HAL_Driver/Src/stm32f1xx_hal_gpio.o
 .comment       0x0000000000000043       0x44 ./Drivers/STM32F1xx_HAL_Driver/Src/stm32f1xx_hal_rcc.o
 .comment       0x0000000000000043       0x44 ./Drivers/STM32F1xx_HAL_Driver/Src/stm32f1xx_hal_tim.o
 .comment       0x0000000000000043       0x44 ./Drivers/STM32F1xx_HAL_Driver/Src/stm32f1xx_hal_tim_ex.o

.debug_info     0x0000000000000000     0x7d44
 .debug_info    0x0000000000000000      0xd9d ./Core/Src/main.o
 .debug_info    0x0000000000000d9d      0x190 ./Core/Src/software_timer.o
 .debug_info    0x0000000000000f2d      0x88c ./Core/Src/stm32f1xx_hal_msp.o
 .debug_info    0x00000000000017b9      0x6a1 ./Core/Src/stm32f1xx_it.o
 .debug_info    0x0000000000001e5a      0x222 ./Core/Src/system_stm32f1xx.o
 .debug_info    0x000000000000207c       0x23 ./Core/Startup/startup_stm32f103c6ux.o
 .debug_info    0x000000000000209f      0x6e6 ./Drivers/STM32F1xx_HAL_Driver/Src/stm32f1xx_hal.o
 .debug_info    0x0000000000002785      0xa69 ./Drivers/STM32F1xx_HAL_Driver/Src/stm32f1xx_hal_cortex.o
 .debug_info    0x00000000000031ee      0x5ab ./Drivers/STM32F1xx_HAL_Driver/Src/stm32f1xx_hal_gpio.o
 .debug_info    0x0000000000003799      0x7d5 ./Drivers/STM32F1xx_HAL_Driver/Src/stm32f1xx_hal_rcc.o
 .debug_info    0x0000000000003f6e     0x293b ./Drivers/STM32F1xx_HAL_Driver/Src/stm32f1xx_hal_tim.o
 .debug_info    0x00000000000068a9     0x149b ./Drivers/STM32F1xx_HAL_Driver/Src/stm32f1xx_hal_tim_ex.o

.debug_abbrev   0x0000000000000000     0x16d3
 .debug_abbrev  0x0000000000000000      0x317 ./Core/Src/main.o
 .debug_abbrev  0x0000000000000317       0xbe ./Core/Src/software_timer.o
 .debug_abbrev  0x00000000000003d5      0x1ad ./Core/Src/stm32f1xx_hal_msp.o
 .debug_abbrev  0x0000000000000582      0x191 ./Core/Src/stm32f1xx_it.o
 .debug_abbrev  0x0000000000000713      0x13f ./Core/Src/system_stm32f1xx.o
 .debug_abbrev  0x0000000000000852       0x12 ./Core/Startup/startup_stm32f103c6ux.o
 .debug_abbrev  0x0000000000000864      0x201 ./Drivers/STM32F1xx_HAL_Driver/Src/stm32f1xx_hal.o
 .debug_abbrev  0x0000000000000a65      0x2f8 ./Drivers/STM32F1xx_HAL_Driver/Src/stm32f1xx_hal_cortex.o
 .debug_abbrev  0x0000000000000d5d      0x1ca ./Drivers/STM32F1xx_HAL_Driver/Src/stm32f1xx_hal_gpio.o
 .debug_abbrev  0x0000000000000f27      0x2b3 ./Drivers/STM32F1xx_HAL_Driver/Src/stm32f1xx_hal_rcc.o
 .debug_abbrev  0x00000000000011da      0x277 ./Drivers/STM32F1xx_HAL_Driver/Src/stm32f1xx_hal_tim.o
 .debug_abbrev  0x0000000000001451      0x282 ./Drivers/STM32F1xx_HAL_Driver/Src/stm32f1xx_hal_tim_ex.o

.debug_aranges  0x0000000000000000      0x9b0
 .debug_aranges
                0x0000000000000000       0x70 ./Core/Src/main.o
 .debug_aranges
                0x0000000000000070       0x58 ./Core/Src/software_timer.o
 .debug_aranges
                0x00000000000000c8       0x30 ./Core/Src/stm32f1xx_hal_msp.o
 .debug_aranges
                0x00000000000000f8       0x68 ./Core/Src/stm32f1xx_it.o
 .debug_aranges
                0x0000000000000160       0x28 ./Core/Src/system_stm32f1xx.o
 .debug_aranges
                0x0000000000000188       0x28 ./Core/Startup/startup_stm32f103c6ux.o
 .debug_aranges
                0x00000000000001b0       0xe0 ./Drivers/STM32F1xx_HAL_Driver/Src/stm32f1xx_hal.o
 .debug_aranges
                0x0000000000000290      0x100 ./Drivers/STM32F1xx_HAL_Driver/Src/stm32f1xx_hal_cortex.o
 .debug_aranges
                0x0000000000000390       0x58 ./Drivers/STM32F1xx_HAL_Driver/Src/stm32f1xx_hal_gpio.o
 .debug_aranges
                0x00000000000003e8       0x90 ./Drivers/STM32F1xx_HAL_Driver/Src/stm32f1xx_hal_rcc.o
 .debug_aranges
                0x0000000000000478      0x3d0 ./Drivers/STM32F1xx_HAL_Driver/Src/stm32f1xx_hal_tim.o
 .debug_aranges
                0x0000000000000848      0x168 ./Drivers/STM32F1xx_HAL_Driver/Src/stm32f1xx_hal_tim_ex.o

.debug_rnglists
                0x0000000000000000      0x775
 .debug_rnglists
                0x0000000000000000       0x55 ./Core/Src/main.o
 .debug_rnglists
                0x0000000000000055       0x3d ./Core/Src/software_timer.o
 .debug_rnglists
                0x0000000000000092       0x1f ./Core/Src/stm32f1xx_hal_msp.o
 .debug_rnglists
                0x00000000000000b1       0x49 ./Core/Src/stm32f1xx_it.o
 .debug_rnglists
                0x00000000000000fa       0x1a ./Core/Src/system_stm32f1xx.o
 .debug_rnglists
                0x0000000000000114       0x19 ./Core/Startup/startup_stm32f103c6ux.o
 .debug_rnglists
                0x000000000000012d       0xa3 ./Drivers/STM32F1xx_HAL_Driver/Src/stm32f1xx_hal.o
 .debug_rnglists
                0x00000000000001d0       0xbb ./Drivers/STM32F1xx_HAL_Driver/Src/stm32f1xx_hal_cortex.o
 .debug_rnglists
                0x000000000000028b       0x3f ./Drivers/STM32F1xx_HAL_Driver/Src/stm32f1xx_hal_gpio.o
 .debug_rnglists
                0x00000000000002ca       0x6c ./Drivers/STM32F1xx_HAL_Driver/Src/stm32f1xx_hal_rcc.o
 .debug_rnglists
                0x0000000000000336      0x31a ./Drivers/STM32F1xx_HAL_Driver/Src/stm32f1xx_hal_tim.o
 .debug_rnglists
                0x0000000000000650      0x125 ./Drivers/STM32F1xx_HAL_Driver/Src/stm32f1xx_hal_tim_ex.o

.debug_macro    0x0000000000000000    0x1638a
 .debug_macro   0x0000000000000000      0x1c8 ./Core/Src/main.o
 .debug_macro   0x00000000000001c8      0xa9c ./Core/Src/main.o
 .debug_macro   0x0000000000000c64      0x215 ./Core/Src/main.o
 .debug_macro   0x0000000000000e79       0x2e ./Core/Src/main.o
 .debug_macro   0x0000000000000ea7       0x22 ./Core/Src/main.o
 .debug_macro   0x0000000000000ec9       0x22 ./Core/Src/main.o
 .debug_macro   0x0000000000000eeb       0x8e ./Core/Src/main.o
 .debug_macro   0x0000000000000f79       0x51 ./Core/Src/main.o
 .debug_macro   0x0000000000000fca      0x103 ./Core/Src/main.o
 .debug_macro   0x00000000000010cd       0x6a ./Core/Src/main.o
 .debug_macro   0x0000000000001137      0x1df ./Core/Src/main.o
 .debug_macro   0x0000000000001316       0x1c ./Core/Src/main.o
 .debug_macro   0x0000000000001332       0x22 ./Core/Src/main.o
 .debug_macro   0x0000000000001354       0xbd ./Core/Src/main.o
 .debug_macro   0x0000000000001411      0xd23 ./Core/Src/main.o
 .debug_macro   0x0000000000002134     0xde75 ./Core/Src/main.o
 .debug_macro   0x000000000000ffa9       0x6d ./Core/Src/main.o
 .debug_macro   0x0000000000010016     0x348d ./Core/Src/main.o
 .debug_macro   0x00000000000134a3      0x174 ./Core/Src/main.o
 .debug_macro   0x0000000000013617       0x5c ./Core/Src/main.o
 .debug_macro   0x0000000000013673      0x5bc ./Core/Src/main.o
 .debug_macro   0x0000000000013c2f      0x1b7 ./Core/Src/main.o
 .debug_macro   0x0000000000013de6      0x1cb ./Core/Src/main.o
 .debug_macro   0x0000000000013fb1      0x114 ./Core/Src/main.o
 .debug_macro   0x00000000000140c5      0x1b2 ./Core/Src/main.o
 .debug_macro   0x0000000000014277       0x27 ./Core/Src/main.o
 .debug_macro   0x000000000001429e      0x12f ./Core/Src/main.o
 .debug_macro   0x00000000000143cd      0x1bc ./Core/Src/main.o
 .debug_macro   0x0000000000014589       0x34 ./Core/Src/main.o
 .debug_macro   0x00000000000145bd       0x3c ./Core/Src/main.o
 .debug_macro   0x00000000000145f9       0x57 ./Core/Src/main.o
 .debug_macro   0x0000000000014650       0x87 ./Core/Src/main.o
 .debug_macro   0x00000000000146d7      0x183 ./Core/Src/main.o
 .debug_macro   0x000000000001485a      0x140 ./Core/Src/main.o
 .debug_macro   0x000000000001499a      0x8ed ./Core/Src/main.o
 .debug_macro   0x0000000000015287       0x69 ./Core/Src/main.o
 .debug_macro   0x00000000000152f0      0x160 ./Core/Src/main.o
 .debug_macro   0x0000000000015450       0x21 ./Core/Src/software_timer.o
 .debug_macro   0x0000000000015471      0x1a6 ./Core/Src/stm32f1xx_hal_msp.o
 .debug_macro   0x0000000000015617      0x1b0 ./Core/Src/stm32f1xx_it.o
 .debug_macro   0x00000000000157c7      0x197 ./Core/Src/system_stm32f1xx.o
 .debug_macro   0x000000000001595e      0x1bb ./Drivers/STM32F1xx_HAL_Driver/Src/stm32f1xx_hal.o
 .debug_macro   0x0000000000015b19      0x197 ./Drivers/STM32F1xx_HAL_Driver/Src/stm32f1xx_hal_cortex.o
 .debug_macro   0x0000000000015cb0      0x202 ./Drivers/STM32F1xx_HAL_Driver/Src/stm32f1xx_hal_gpio.o
 .debug_macro   0x0000000000015eb2      0x1a9 ./Drivers/STM32F1xx_HAL_Driver/Src/stm32f1xx_hal_rcc.o
 .debug_macro   0x000000000001605b      0x198 ./Drivers/STM32F1xx_HAL_Driver/Src/stm32f1xx_hal_tim.o
 .debug_macro   0x00000000000161f3      0x197 ./Drivers/STM32F1xx_HAL_Driver/Src/stm32f1xx_hal_tim_ex.o

.debug_line     0x0000000000000000     0x9b77
 .debug_line    0x0000000000000000      0x9ac ./Core/Src/main.o
 .debug_line    0x00000000000009ac      0x146 ./Core/Src/software_timer.o
 .debug_line    0x0000000000000af2      0x724 ./Core/Src/stm32f1xx_hal_msp.o
 .debug_line    0x0000000000001216      0x7c3 ./Core/Src/stm32f1xx_it.o
 .debug_line    0x00000000000019d9      0x767 ./Core/Src/system_stm32f1xx.o
 .debug_line    0x0000000000002140       0x78 ./Core/Startup/startup_stm32f103c6ux.o
 .debug_line    0x00000000000021b8      0x994 ./Drivers/STM32F1xx_HAL_Driver/Src/stm32f1xx_hal.o
 .debug_line    0x0000000000002b4c      0xb7c ./Drivers/STM32F1xx_HAL_Driver/Src/stm32f1xx_hal_cortex.o
 .debug_line    0x00000000000036c8      0xa18 ./Drivers/STM32F1xx_HAL_Driver/Src/stm32f1xx_hal_gpio.o
 .debug_line    0x00000000000040e0      0xd9d ./Drivers/STM32F1xx_HAL_Driver/Src/stm32f1xx_hal_rcc.o
 .debug_line    0x0000000000004e7d     0x3437 ./Drivers/STM32F1xx_HAL_Driver/Src/stm32f1xx_hal_tim.o
 .debug_line    0x00000000000082b4     0x18c3 ./Drivers/STM32F1xx_HAL_Driver/Src/stm32f1xx_hal_tim_ex.o

.debug_str      0x0000000000000000    0x82316
 .debug_str     0x0000000000000000    0x80064 ./Core/Src/main.o
                                      0x80441 (size before relaxing)
 .debug_str     0x0000000000080064       0x79 ./Core/Src/software_timer.o
                                       0x2e6a (size before relaxing)
 .debug_str     0x00000000000800dd      0x2d2 ./Core/Src/stm32f1xx_hal_msp.o
                                      0x80248 (size before relaxing)
 .debug_str     0x00000000000803af       0xec ./Core/Src/stm32f1xx_it.o
                                      0x7ffb1 (size before relaxing)
 .debug_str     0x000000000008049b       0x88 ./Core/Src/system_stm32f1xx.o
                                      0x7f629 (size before relaxing)
 .debug_str     0x0000000000080523       0x34 ./Core/Startup/startup_stm32f103c6ux.o
                                         0x5f (size before relaxing)
 .debug_str     0x0000000000080557      0x38e ./Drivers/STM32F1xx_HAL_Driver/Src/stm32f1xx_hal.o
                                      0x7fd22 (size before relaxing)
 .debug_str     0x00000000000808e5      0x29e ./Drivers/STM32F1xx_HAL_Driver/Src/stm32f1xx_hal_cortex.o
                                      0x7fc6e (size before relaxing)
 .debug_str     0x0000000000080b83      0x307 ./Drivers/STM32F1xx_HAL_Driver/Src/stm32f1xx_hal_gpio.o
                                      0x7f9af (size before relaxing)
 .debug_str     0x0000000000080e8a      0x229 ./Drivers/STM32F1xx_HAL_Driver/Src/stm32f1xx_hal_rcc.o
                                      0x7fa58 (size before relaxing)
 .debug_str     0x00000000000810b3      0xdd0 ./Drivers/STM32F1xx_HAL_Driver/Src/stm32f1xx_hal_tim.o
                                      0x80a4a (size before relaxing)
 .debug_str     0x0000000000081e83      0x493 ./Drivers/STM32F1xx_HAL_Driver/Src/stm32f1xx_hal_tim_ex.o
                                      0x80266 (size before relaxing)

.debug_frame    0x0000000000000000     0x27b0
 .debug_frame   0x0000000000000000      0x18c ./Core/Src/main.o
 .debug_frame   0x000000000000018c      0x130 ./Core/Src/software_timer.o
 .debug_frame   0x00000000000002bc       0x80 ./Core/Src/stm32f1xx_hal_msp.o
 .debug_frame   0x000000000000033c      0x120 ./Core/Src/stm32f1xx_it.o
 .debug_frame   0x000000000000045c       0x58 ./Core/Src/system_stm32f1xx.o
 .debug_frame   0x00000000000004b4      0x334 ./Drivers/STM32F1xx_HAL_Driver/Src/stm32f1xx_hal.o
 .debug_frame   0x00000000000007e8      0x428 ./Drivers/STM32F1xx_HAL_Driver/Src/stm32f1xx_hal_cortex.o
 .debug_frame   0x0000000000000c10      0x14c ./Drivers/STM32F1xx_HAL_Driver/Src/stm32f1xx_hal_gpio.o
 .debug_frame   0x0000000000000d5c      0x218 ./Drivers/STM32F1xx_HAL_Driver/Src/stm32f1xx_hal_rcc.o
 .debug_frame   0x0000000000000f74     0x11b8 ./Drivers/STM32F1xx_HAL_Driver/Src/stm32f1xx_hal_tim.o
 .debug_frame   0x000000000000212c      0x638 ./Drivers/STM32F1xx_HAL_Driver/Src/stm32f1xx_hal_tim_ex.o
 .debug_frame   0x0000000000002764       0x20 D:/ProgramFiles/ST/STM32CubeIDE_1.13.2/STM32CubeIDE/plugins/com.st.stm32cube.ide.mcu.externaltools.gnu-tools-for-stm32.11.3.rel1.win32_1.1.1.202309131626/tools/bin/../lib/gcc/arm-none-eabi/11.3.1/../../../../arm-none-eabi/lib/thumb/v7-m/nofp\libc_nano.a(libc_a-memset.o)
 .debug_frame   0x0000000000002784       0x2c D:/ProgramFiles/ST/STM32CubeIDE_1.13.2/STM32CubeIDE/plugins/com.st.stm32cube.ide.mcu.externaltools.gnu-tools-for-stm32.11.3.rel1.win32_1.1.1.202309131626/tools/bin/../lib/gcc/arm-none-eabi/11.3.1/../../../../arm-none-eabi/lib/thumb/v7-m/nofp\libc_nano.a(libc_a-init.o)

.debug_line_str
                0x0000000000000000       0x53
 .debug_line_str
                0x0000000000000000       0x53 ./Core/Startup/startup_stm32f103c6ux.o
                                         0x6b (size before relaxing)
