../Core/Src/main.c:78:6:on_light	16	static
../Core/Src/main.c:107:6:display7SEG	16	static
../Core/Src/main.c:211:6:update7SEG	16	static
../Core/Src/main.c:226:6:updateClockBuffer	4	static
../Core/Src/main.c:233:6:modifyBit	24	static
../Core/Src/main.c:248:6:updateLEDMatrix	16	static
../Core/Src/main.c:273:5:main	8	static
../Core/Src/main.c:366:6:SystemClock_Config	72	static
../Core/Src/main.c:403:13:MX_TIM2_Init	32	static
../Core/Src/main.c:448:13:MX_GPIO_Init	32	static
../Core/Src/main.c:502:6:HAL_TIM_PeriodElapsedCallback	16	static
../Core/Src/main.c:515:6:Error_Handler	4	static,ignoring_inline_asm
