../Core/Src/main.c:79:6:on_light	16	static
../Core/Src/main.c:108:6:display7SEG	16	static
../Core/Src/main.c:212:6:update7SEG	16	static
../Core/Src/main.c:227:6:updateClockBuffer	4	static
../Core/Src/main.c:234:6:modifyBit	24	static
../Core/Src/main.c:249:6:updateLEDMatrix	16	static
../Core/Src/main.c:268:6:animateLED	16	static
../Core/Src/main.c:283:5:main	8	static
../Core/Src/main.c:382:6:SystemClock_Config	72	static
../Core/Src/main.c:419:13:MX_TIM2_Init	32	static
../Core/Src/main.c:464:13:MX_GPIO_Init	32	static
../Core/Src/main.c:518:6:HAL_TIM_PeriodElapsedCallback	16	static
../Core/Src/main.c:532:6:Error_Handler	4	static,ignoring_inline_asm
